<!doctype HTML>
<html>
    <head>
        <link rel="stylesheet" href="css/style.min.cb172473.css"/>
        <script src="js/script.dc8aca1f.js"></script>
    </head>
    <body>
        <p>Cache busting test file for meta hash 83818df5.</p>
    </body>
</html>